Serverless: Load command run
Serverless: Load command config
Serverless: Load command config:credentials
Serverless: Load command create
Serverless: Load command install
Serverless: Load command package
Serverless: Load command deploy
Serverless: Load command deploy:function
Serverless: Load command deploy:list
Serverless: Load command deploy:list:functions
Serverless: Load command invoke
Serverless: Load command invoke:local
Serverless: Load command info
Serverless: Load command logs
Serverless: Load command login
Serverless: Load command logout
Serverless: Load command metrics
Serverless: Load command print
Serverless: Load command remove
Serverless: Load command rollback
Serverless: Load command rollback:function
Serverless: Load command slstats
Serverless: Load command plugin
Serverless: Load command plugin
Serverless: Load command plugin:install
Serverless: Load command plugin
Serverless: Load command plugin:uninstall
Serverless: Load command plugin
Serverless: Load command plugin:list
Serverless: Load command plugin
Serverless: Load command plugin:search
Serverless: Load command emit
Serverless: Load command config
Serverless: Load command config:credentials
Serverless: Load command logs
Serverless: Invoke package
Serverless: Compiling with Typescript...
Serverless: Typescript compiled.
Serverless: Packaging service...
Serverless: Excluding development dependencies...
Serverless: Excluding development dependencies...
 
  Error --------------------------------------------------
 
  ENOENT: no such file or directory, open 'E:\Work\serverless-experiment\.build\package.json'
 
     For debugging logs, run again after setting the "SLS_DEBUG=*" environment variable.
 
  Stack Trace --------------------------------------------
 
Error: ENOENT: no such file or directory, open 'E:\Work\serverless-experiment\.build\package.json'
    at Package.getFileContent (C:\Users\xaad\AppData\Roaming\npm\node_modules\serverless\lib\plugins\package\lib\zipService.js:116:15)
    at Package.getFileContentAndStat (C:\Users\xaad\AppData\Roaming\npm\node_modules\serverless\lib\plugins\package\lib\zipService.js:105:12)
    at Array.map (<anonymous>)
    at WriteStream.output.on (C:\Users\xaad\AppData\Roaming\npm\node_modules\serverless\lib\plugins\package\lib\zipService.js:83:29)
    at WriteStream.emit (events.js:180:13)
    at WriteStream.emit (domain.js:422:20)
    at C:\Users\xaad\AppData\Roaming\npm\node_modules\serverless\node_modules\graceful-fs\graceful-fs.js:214:14
    at C:\Users\xaad\AppData\Roaming\npm\node_modules\serverless\node_modules\graceful-fs\graceful-fs.js:241:16
    at FSReqWrap.oncomplete (fs.js:153:20)
 
  Get Support --------------------------------------------
     Docs:          docs.serverless.com
     Bugs:          github.com/serverless/serverless/issues
     Issues:        forum.serverless.com
 
  Your Environment Information -----------------------------
     OS:                     win32
     Node Version:           9.11.1
     Serverless Version:     1.28.0
 
